// Jest Snapshot v1, https://goo.gl/fbAQLP

exports[`renders dropdown 1`] = `
<DocumentFragment>
  <div
    class="dropdown"
  >
    <div
      class="dropdown__header"
    >
      <label
        class="dropdown__header-label"
      >
        Select user:
      </label>
      <button
        class="dropdown__header-selected-option"
      >
        Select
        <svg
          class="dropdown__header-icon"
          height="16px"
          width="8px"
          xmlns="http://www.w3.org/2000/svg"
        >
          <g
            fill="none"
            fill-rule="evenodd"
            stroke="none"
            stroke-width="1"
          >
            <g
              class="citi-table-sortable__icon"
              fill="#BFBFBF"
              fill-rule="nonzero"
            >
              <polygon
                class="arrow-desc"
                points="8 16 4 10 -2.27373675e-13 16"
                transform="translate(4.000000, 13.000000) scale(1, -1) translate(-4.000000, -13.000000) "
              />
              <polygon
                class="arrow-asc"
                points="8 6 4 -1.59872116e-14 -2.27373675e-13 6"
              />
            </g>
          </g>
        </svg>
      </button>
      <button
        class="dropdown__header-clear-select"
      >
        <svg
          class="dropdown__header-clear-select-icon"
          height="329pt"
          viewBox="0 0 329.26933 329"
          width="329pt"
          xmlns="http://www.w3.org/2000/svg"
        >
          <path
            d="m194.800781 164.769531 128.210938-128.214843c8.34375-8.339844 8.34375-21.824219 0-30.164063-8.339844-8.339844-21.824219-8.339844-30.164063 0l-128.214844 128.214844-128.210937-128.214844c-8.34375-8.339844-21.824219-8.339844-30.164063 0-8.34375 8.339844-8.34375 21.824219 0 30.164063l128.210938 128.214843-128.210938 128.214844c-8.34375 8.339844-8.34375 21.824219 0 30.164063 4.15625 4.160156 9.621094 6.25 15.082032 6.25 5.460937 0 10.921875-2.089844 15.082031-6.25l128.210937-128.214844 128.214844 128.214844c4.160156 4.160156 9.621094 6.25 15.082032 6.25 5.460937 0 10.921874-2.089844 15.082031-6.25 8.34375-8.339844 8.34375-21.824219 0-30.164063zm0 0"
          />
        </svg>
      </button>
    </div>
    <div
      class="dropdown__list"
    >
      <div
        class="dropdown__list-wrap-search"
      >
        <input
          autocomplete="off"
          class="dropdown__list-search"
          name="select-option-search-users"
          placeholder="Search..."
          type="text"
          value=""
        />
        <button
          class="dropdown__list-clear-search"
        >
          <svg
            class="dropdown__list-clear-search-icon"
            height="329pt"
            viewBox="0 0 329.26933 329"
            width="329pt"
            xmlns="http://www.w3.org/2000/svg"
          >
            <path
              d="m194.800781 164.769531 128.210938-128.214843c8.34375-8.339844 8.34375-21.824219 0-30.164063-8.339844-8.339844-21.824219-8.339844-30.164063 0l-128.214844 128.214844-128.210937-128.214844c-8.34375-8.339844-21.824219-8.339844-30.164063 0-8.34375 8.339844-8.34375 21.824219 0 30.164063l128.210938 128.214843-128.210938 128.214844c-8.34375 8.339844-8.34375 21.824219 0 30.164063 4.15625 4.160156 9.621094 6.25 15.082032 6.25 5.460937 0 10.921875-2.089844 15.082031-6.25l128.210937-128.214844 128.214844 128.214844c4.160156 4.160156 9.621094 6.25 15.082032 6.25 5.460937 0 10.921874-2.089844 15.082031-6.25 8.34375-8.339844 8.34375-21.824219 0-30.164063zm0 0"
            />
          </svg>
        </button>
      </div>
      <button
        class="dropdown__list-item"
      >
        Andy
      </button>
      <button
        class="dropdown__list-item"
      >
        George
      </button>
      <button
        class="dropdown__list-item"
      >
        Clive
      </button>
      <button
        class="dropdown__list-item"
      >
        Peter
      </button>
      <button
        class="dropdown__list-item"
      >
        Cleatus
      </button>
      <button
        class="dropdown__list-item"
      >
        Alex
      </button>
      <button
        class="dropdown__list-item"
      >
        Omar
      </button>
      <button
        class="dropdown__list-item"
      >
        Carl
      </button>
      <button
        class="dropdown__list-item"
      >
        William
      </button>
      <button
        class="dropdown__list-item"
      >
        Donald
      </button>
      <button
        class="dropdown__list-item"
      >
        Dave
      </button>
      <button
        class="dropdown__list-item"
      >
        Jerry
      </button>
      <button
        class="dropdown__list-item"
      >
        Gerrie
      </button>
    </div>
  </div>
</DocumentFragment>
`;
